// Jest Snapshot v1, https://goo.gl/fbAQLP

exports[`CalcDisplay component renders correctly 1`] = `
<div
  className="calculator"
>
  <div
    className="calculator__result"
  >
    <div
      className="calculator__result__exp"
    />
    <div
      className="calculator__result__exp"
    />
  </div>
  <div
    className="calculator__btns"
  >
    <button
      className="btn__op"
      onClick={[Function]}
      type="button"
    >
      C
    </button>
    <button
      className="btn__op"
      onClick={[Function]}
      type="button"
    >
      (
    </button>
    <button
      className="btn__op"
      onClick={[Function]}
      type="button"
    >
      )
    </button>
    <button
      className="btn__op"
      onClick={[Function]}
      type="button"
    >
      /
    </button>
    <button
      className=""
      onClick={[Function]}
      type="button"
    >
      7
    </button>
    <button
      className=""
      onClick={[Function]}
      type="button"
    >
      8
    </button>
    <button
      className=""
      onClick={[Function]}
      type="button"
    >
      9
    </button>
    <button
      className="btn__op"
      onClick={[Function]}
      type="button"
    >
      x
    </button>
    <button
      className=""
      onClick={[Function]}
      type="button"
    >
      4
    </button>
    <button
      className=""
      onClick={[Function]}
      type="button"
    >
      5
    </button>
    <button
      className=""
      onClick={[Function]}
      type="button"
    >
      6
    </button>
    <button
      className="btn__op"
      onClick={[Function]}
      type="button"
    >
      -
    </button>
    <button
      className=""
      onClick={[Function]}
      type="button"
    >
      1
    </button>
    <button
      className=""
      onClick={[Function]}
      type="button"
    >
      2
    </button>
    <button
      className=""
      onClick={[Function]}
      type="button"
    >
      3
    </button>
    <button
      className="btn__op"
      onClick={[Function]}
      type="button"
    >
      +
    </button>
    <button
      className=""
      onClick={[Function]}
      type="button"
    >
      dark mode
    </button>
    <button
      className=""
      onClick={[Function]}
      type="button"
    >
      0
    </button>
    <button
      className=""
      onClick={[Function]}
      type="button"
    >
      .
    </button>
    <button
      className="btn__op"
      onClick={[Function]}
      type="button"
    >
      =
    </button>
  </div>
</div>
`;

exports[`Si el display de la calculadora realiza un render correcto 1`] = `
<div
  className="calculator"
>
  <div
    className="calculator__result"
  >
    <div
      className="calculator__result__exp"
    />
    <div
      className="calculator__result__exp"
    />
  </div>
  <div
    className="calculator__btns"
  >
    <button
      className="btn__op"
      onClick={[Function]}
      type="button"
    >
      C
    </button>
    <button
      className="btn__op"
      onClick={[Function]}
      type="button"
    >
      (
    </button>
    <button
      className="btn__op"
      onClick={[Function]}
      type="button"
    >
      )
    </button>
    <button
      className="btn__op"
      onClick={[Function]}
      type="button"
    >
      /
    </button>
    <button
      className=""
      onClick={[Function]}
      type="button"
    >
      7
    </button>
    <button
      className=""
      onClick={[Function]}
      type="button"
    >
      8
    </button>
    <button
      className=""
      onClick={[Function]}
      type="button"
    >
      9
    </button>
    <button
      className="btn__op"
      onClick={[Function]}
      type="button"
    >
      x
    </button>
    <button
      className=""
      onClick={[Function]}
      type="button"
    >
      4
    </button>
    <button
      className=""
      onClick={[Function]}
      type="button"
    >
      5
    </button>
    <button
      className=""
      onClick={[Function]}
      type="button"
    >
      6
    </button>
    <button
      className="btn__op"
      onClick={[Function]}
      type="button"
    >
      -
    </button>
    <button
      className=""
      onClick={[Function]}
      type="button"
    >
      1
    </button>
    <button
      className=""
      onClick={[Function]}
      type="button"
    >
      2
    </button>
    <button
      className=""
      onClick={[Function]}
      type="button"
    >
      3
    </button>
    <button
      className="btn__op"
      onClick={[Function]}
      type="button"
    >
      +
    </button>
    <button
      className=""
      onClick={[Function]}
      type="button"
    >
      dark mode
    </button>
    <button
      className=""
      onClick={[Function]}
      type="button"
    >
      0
    </button>
    <button
      className=""
      onClick={[Function]}
      type="button"
    >
      .
    </button>
    <button
      className="btn__op"
      onClick={[Function]}
      type="button"
    >
      =
    </button>
  </div>
</div>
`;
